0 verbose cli /usr/bin/node /usr/bin/npm
1 info using npm@10.8.2
2 info using node@v18.20.8
3 silly config load:file:/usr/lib/node_modules/npm/npmrc
4 silly config load:file:/home/azureuser/.npmrc
5 silly config load:file:/usr/etc/npmrc
6 verbose title npm install
7 verbose argv "install"
8 verbose logfile logs-max:10 dir:/home/azureuser/.npm/_logs/2026-05-02T10_38_46_982Z-
9 verbose logfile /home/azureuser/.npm/_logs/2026-05-02T10_38_46_982Z-debug-0.log
10 silly packumentCache heap:484179968 maxSize:121044992 maxEntrySize:60522496
11 silly logfile start cleaning logs, removing 1 files
12 silly logfile done cleaning log files
13 silly idealTree buildDeps
14 silly fetch manifest express@^4.18.2
15 silly packumentCache full:https://registry.npmjs.org/express cache-miss
16 http fetch GET 200 https://registry.npmjs.org/express 147ms (cache miss)
17 silly packumentCache full:https://registry.npmjs.org/express set size:undefined disposed:false
18 silly fetch manifest dotenv@^16.0.0
19 silly packumentCache full:https://registry.npmjs.org/dotenv cache-miss
20 http fetch GET 200 https://registry.npmjs.org/dotenv 7ms (cache hit)
21 silly packumentCache full:https://registry.npmjs.org/dotenv set size:277832 disposed:false
22 silly fetch manifest nodemon@^3.0.0
23 silly packumentCache full:https://registry.npmjs.org/nodemon cache-miss
24 http fetch GET 200 https://registry.npmjs.org/nodemon 48ms (cache miss)
25 silly packumentCache full:https://registry.npmjs.org/nodemon set size:undefined disposed:false
26 silly placeDep ROOT dotenv@16.6.1 REPLACE for: node-project@1.0.0 want: ^16.0.0
27 silly placeDep ROOT express@4.22.1 OK for: node-project@1.0.0 want: ^4.18.2
28 silly placeDep ROOT nodemon@3.1.14 OK for: node-project@1.0.0 want: ^3.0.0
29 silly fetch manifest qs@~6.14.0
30 silly packumentCache full:https://registry.npmjs.org/qs cache-miss
31 http fetch GET 200 https://registry.npmjs.org/qs 40ms (cache miss)
32 silly packumentCache full:https://registry.npmjs.org/qs set size:undefined disposed:false
33 silly fetch manifest depd@2.0.0
34 silly packumentCache full:https://registry.npmjs.org/depd cache-miss
35 http fetch GET 200 https://registry.npmjs.org/depd 23ms (cache miss)
36 silly packumentCache full:https://registry.npmjs.org/depd set size:undefined disposed:false
37 silly fetch manifest etag@~1.8.1
38 silly packumentCache full:https://registry.npmjs.org/etag cache-miss
39 http fetch GET 200 https://registry.npmjs.org/etag 19ms (cache miss)
40 silly packumentCache full:https://registry.npmjs.org/etag set size:undefined disposed:false
41 silly fetch manifest send@~0.19.0
42 silly packumentCache full:https://registry.npmjs.org/send cache-miss
43 http fetch GET 200 https://registry.npmjs.org/send 27ms (cache miss)
44 silly packumentCache full:https://registry.npmjs.org/send set size:undefined disposed:false
45 silly fetch manifest vary@~1.1.2
46 silly packumentCache full:https://registry.npmjs.org/vary cache-miss
47 http fetch GET 200 https://registry.npmjs.org/vary 32ms (cache miss)
48 silly packumentCache full:https://registry.npmjs.org/vary set size:undefined disposed:false
49 silly fetch manifest debug@2.6.9
50 silly packumentCache full:https://registry.npmjs.org/debug cache-miss
51 http fetch GET 200 https://registry.npmjs.org/debug 30ms (cache miss)
52 silly packumentCache full:https://registry.npmjs.org/debug set size:undefined disposed:false
53 silly fetch manifest fresh@~0.5.2
54 silly packumentCache full:https://registry.npmjs.org/fresh cache-miss
55 http fetch GET 200 https://registry.npmjs.org/fresh 24ms (cache miss)
56 silly packumentCache full:https://registry.npmjs.org/fresh set size:undefined disposed:false
57 silly fetch manifest cookie@~0.7.1
58 silly packumentCache full:https://registry.npmjs.org/cookie cache-miss
59 http fetch GET 200 https://registry.npmjs.org/cookie 27ms (cache miss)
60 silly packumentCache full:https://registry.npmjs.org/cookie set size:undefined disposed:false
61 silly fetch manifest accepts@~1.3.8
62 silly packumentCache full:https://registry.npmjs.org/accepts cache-miss
63 http fetch GET 200 https://registry.npmjs.org/accepts 27ms (cache miss)
64 silly packumentCache full:https://registry.npmjs.org/accepts set size:undefined disposed:false
65 silly fetch manifest methods@~1.1.2
66 silly packumentCache full:https://registry.npmjs.org/methods cache-miss
67 http fetch GET 200 https://registry.npmjs.org/methods 21ms (cache miss)
68 silly packumentCache full:https://registry.npmjs.org/methods set size:undefined disposed:false
69 silly fetch manifest type-is@~1.6.18
70 silly packumentCache full:https://registry.npmjs.org/type-is cache-miss
71 http fetch GET 200 https://registry.npmjs.org/type-is 25ms (cache miss)
72 silly packumentCache full:https://registry.npmjs.org/type-is set size:undefined disposed:false
73 silly fetch manifest parseurl@~1.3.3
74 silly packumentCache full:https://registry.npmjs.org/parseurl cache-miss
75 http fetch GET 200 https://registry.npmjs.org/parseurl 26ms (cache miss)
76 silly packumentCache full:https://registry.npmjs.org/parseurl set size:undefined disposed:false
77 silly fetch manifest statuses@~2.0.1
78 silly packumentCache full:https://registry.npmjs.org/statuses cache-miss
79 http fetch GET 200 https://registry.npmjs.org/statuses 24ms (cache miss)
80 silly packumentCache full:https://registry.npmjs.org/statuses set size:undefined disposed:false
81 silly fetch manifest encodeurl@~2.0.0
82 silly packumentCache full:https://registry.npmjs.org/encodeurl cache-miss
83 http fetch GET 200 https://registry.npmjs.org/encodeurl 28ms (cache miss)
84 silly packumentCache full:https://registry.npmjs.org/encodeurl set size:undefined disposed:false
85 silly fetch manifest proxy-addr@~2.0.7
86 silly packumentCache full:https://registry.npmjs.org/proxy-addr cache-miss
87 http fetch GET 200 https://registry.npmjs.org/proxy-addr 23ms (cache miss)
88 silly packumentCache full:https://registry.npmjs.org/proxy-addr set size:undefined disposed:false
89 silly fetch manifest body-parser@~1.20.3
90 silly packumentCache full:https://registry.npmjs.org/body-parser cache-miss
91 http fetch GET 200 https://registry.npmjs.org/body-parser 31ms (cache miss)
92 silly packumentCache full:https://registry.npmjs.org/body-parser set size:undefined disposed:false
93 silly fetch manifest escape-html@~1.0.3
94 silly packumentCache full:https://registry.npmjs.org/escape-html cache-miss
95 http fetch GET 200 https://registry.npmjs.org/escape-html 26ms (cache miss)
96 silly packumentCache full:https://registry.npmjs.org/escape-html set size:undefined disposed:false
97 silly fetch manifest http-errors@~2.0.0
98 silly packumentCache full:https://registry.npmjs.org/http-errors cache-miss
99 http fetch GET 200 https://registry.npmjs.org/http-errors 24ms (cache miss)
100 silly packumentCache full:https://registry.npmjs.org/http-errors set size:undefined disposed:false
101 silly fetch manifest on-finished@~2.4.1
102 silly packumentCache full:https://registry.npmjs.org/on-finished cache-miss
103 http fetch GET 200 https://registry.npmjs.org/on-finished 19ms (cache miss)
104 silly packumentCache full:https://registry.npmjs.org/on-finished set size:undefined disposed:false
105 silly fetch manifest safe-buffer@5.2.1
106 silly packumentCache full:https://registry.npmjs.org/safe-buffer cache-miss
107 http fetch GET 200 https://registry.npmjs.org/safe-buffer 28ms (cache miss)
108 silly packumentCache full:https://registry.npmjs.org/safe-buffer set size:undefined disposed:false
109 silly fetch manifest utils-merge@1.0.1
110 silly packumentCache full:https://registry.npmjs.org/utils-merge cache-miss
111 http fetch GET 200 https://registry.npmjs.org/utils-merge 23ms (cache miss)
112 silly packumentCache full:https://registry.npmjs.org/utils-merge set size:undefined disposed:false
113 silly fetch manifest content-type@~1.0.4
114 silly packumentCache full:https://registry.npmjs.org/content-type cache-miss
115 http fetch GET 200 https://registry.npmjs.org/content-type 24ms (cache miss)
116 silly packumentCache full:https://registry.npmjs.org/content-type set size:undefined disposed:false
117 silly fetch manifest finalhandler@~1.3.1
118 silly packumentCache full:https://registry.npmjs.org/finalhandler cache-miss
119 http fetch GET 200 https://registry.npmjs.org/finalhandler 30ms (cache miss)
120 silly packumentCache full:https://registry.npmjs.org/finalhandler set size:undefined disposed:false
121 silly fetch manifest range-parser@~1.2.1
122 silly packumentCache full:https://registry.npmjs.org/range-parser cache-miss
123 http fetch GET 200 https://registry.npmjs.org/range-parser 21ms (cache miss)
124 silly packumentCache full:https://registry.npmjs.org/range-parser set size:undefined disposed:false
125 silly fetch manifest serve-static@~1.16.2
126 silly packumentCache full:https://registry.npmjs.org/serve-static cache-miss
127 http fetch GET 200 https://registry.npmjs.org/serve-static 41ms (cache miss)
128 silly packumentCache full:https://registry.npmjs.org/serve-static set size:undefined disposed:false
129 silly fetch manifest array-flatten@1.1.1
130 silly packumentCache full:https://registry.npmjs.org/array-flatten cache-miss
131 http fetch GET 200 https://registry.npmjs.org/array-flatten 22ms (cache miss)
132 silly packumentCache full:https://registry.npmjs.org/array-flatten set size:undefined disposed:false
133 silly fetch manifest path-to-regexp@~0.1.12
134 silly packumentCache full:https://registry.npmjs.org/path-to-regexp cache-miss
135 http fetch GET 200 https://registry.npmjs.org/path-to-regexp 24ms (cache miss)
136 silly packumentCache full:https://registry.npmjs.org/path-to-regexp set size:undefined disposed:false
137 silly fetch manifest setprototypeof@1.2.0
138 silly packumentCache full:https://registry.npmjs.org/setprototypeof cache-miss
139 http fetch GET 200 https://registry.npmjs.org/setprototypeof 26ms (cache miss)
140 silly packumentCache full:https://registry.npmjs.org/setprototypeof set size:undefined disposed:false
141 silly fetch manifest cookie-signature@~1.0.6
142 silly packumentCache full:https://registry.npmjs.org/cookie-signature cache-miss
143 http fetch GET 200 https://registry.npmjs.org/cookie-signature 19ms (cache miss)
144 silly packumentCache full:https://registry.npmjs.org/cookie-signature set size:undefined disposed:false
145 silly fetch manifest merge-descriptors@1.0.3
146 silly packumentCache full:https://registry.npmjs.org/merge-descriptors cache-miss
147 http fetch GET 200 https://registry.npmjs.org/merge-descriptors 29ms (cache miss)
148 silly packumentCache full:https://registry.npmjs.org/merge-descriptors set size:undefined disposed:false
149 silly fetch manifest content-disposition@~0.5.4
150 silly packumentCache full:https://registry.npmjs.org/content-disposition cache-miss
151 http fetch GET 200 https://registry.npmjs.org/content-disposition 24ms (cache miss)
152 silly packumentCache full:https://registry.npmjs.org/content-disposition set size:undefined disposed:false
153 silly fetch manifest debug@^4
154 silly packumentCache full:https://registry.npmjs.org/debug cache-miss
155 http fetch GET 200 https://registry.npmjs.org/debug 4ms (cache hit)
156 silly packumentCache full:https://registry.npmjs.org/debug set size:195840 disposed:false
157 silly fetch manifest touch@^3.1.0
158 silly packumentCache full:https://registry.npmjs.org/touch cache-miss
159 http fetch GET 200 https://registry.npmjs.org/touch 24ms (cache miss)
160 silly packumentCache full:https://registry.npmjs.org/touch set size:undefined disposed:false
161 silly fetch manifest semver@^7.5.3
162 silly packumentCache full:https://registry.npmjs.org/semver cache-miss
163 http fetch GET 200 https://registry.npmjs.org/semver 47ms (cache miss)
164 silly packumentCache full:https://registry.npmjs.org/semver set size:undefined disposed:false
165 silly fetch manifest chokidar@^3.5.2
166 silly packumentCache full:https://registry.npmjs.org/chokidar cache-miss
167 http fetch GET 200 https://registry.npmjs.org/chokidar 33ms (cache miss)
168 silly packumentCache full:https://registry.npmjs.org/chokidar set size:undefined disposed:false
169 silly fetch manifest minimatch@^10.2.1
170 silly packumentCache full:https://registry.npmjs.org/minimatch cache-miss
171 http fetch GET 200 https://registry.npmjs.org/minimatch 38ms (cache miss)
172 silly packumentCache full:https://registry.npmjs.org/minimatch set size:undefined disposed:false
173 silly fetch manifest undefsafe@^2.0.5
174 silly packumentCache full:https://registry.npmjs.org/undefsafe cache-miss
175 http fetch GET 200 https://registry.npmjs.org/undefsafe 38ms (cache miss)
176 silly packumentCache full:https://registry.npmjs.org/undefsafe set size:undefined disposed:false
177 silly fetch manifest pstree.remy@^1.1.8
178 silly packumentCache full:https://registry.npmjs.org/pstree.remy cache-miss
179 http fetch GET 200 https://registry.npmjs.org/pstree.remy 46ms (cache miss)
180 silly packumentCache full:https://registry.npmjs.org/pstree.remy set size:undefined disposed:false
181 silly fetch manifest supports-color@^5.5.0
182 silly packumentCache full:https://registry.npmjs.org/supports-color cache-miss
183 http fetch GET 200 https://registry.npmjs.org/supports-color 53ms (cache miss)
184 silly packumentCache full:https://registry.npmjs.org/supports-color set size:undefined disposed:false
185 silly fetch manifest ignore-by-default@^1.0.1
186 silly packumentCache full:https://registry.npmjs.org/ignore-by-default cache-miss
187 http fetch GET 200 https://registry.npmjs.org/ignore-by-default 37ms (cache miss)
188 silly packumentCache full:https://registry.npmjs.org/ignore-by-default set size:undefined disposed:false
189 silly fetch manifest simple-update-notifier@^2.0.0
190 silly packumentCache full:https://registry.npmjs.org/simple-update-notifier cache-miss
191 http fetch GET 200 https://registry.npmjs.org/simple-update-notifier 24ms (cache miss)
192 silly packumentCache full:https://registry.npmjs.org/simple-update-notifier set size:undefined disposed:false
193 silly placeDep ROOT accepts@1.3.8 OK for: express@4.22.1 want: ~1.3.8
194 silly placeDep ROOT array-flatten@1.1.1 OK for: express@4.22.1 want: 1.1.1
195 silly placeDep ROOT body-parser@1.20.5 OK for: express@4.22.1 want: ~1.20.3
196 silly placeDep ROOT content-disposition@0.5.4 OK for: express@4.22.1 want: ~0.5.4
197 silly placeDep ROOT content-type@1.0.5 OK for: express@4.22.1 want: ~1.0.4
198 silly placeDep ROOT cookie@0.7.2 OK for: express@4.22.1 want: ~0.7.1
199 silly placeDep ROOT cookie-signature@1.0.7 OK for: express@4.22.1 want: ~1.0.6
200 silly placeDep ROOT debug@2.6.9 OK for: express@4.22.1 want: 2.6.9
201 silly placeDep ROOT depd@2.0.0 OK for: express@4.22.1 want: 2.0.0
202 silly placeDep ROOT encodeurl@2.0.0 OK for: express@4.22.1 want: ~2.0.0
203 silly placeDep ROOT escape-html@1.0.3 OK for: express@4.22.1 want: ~1.0.3
204 silly placeDep ROOT etag@1.8.1 OK for: express@4.22.1 want: ~1.8.1
205 silly placeDep ROOT finalhandler@1.3.2 OK for: express@4.22.1 want: ~1.3.1
206 silly placeDep ROOT fresh@0.5.2 OK for: express@4.22.1 want: ~0.5.2
207 silly placeDep ROOT http-errors@2.0.1 OK for: express@4.22.1 want: ~2.0.0
208 silly placeDep ROOT merge-descriptors@1.0.3 OK for: express@4.22.1 want: 1.0.3
209 silly placeDep ROOT methods@1.1.2 OK for: express@4.22.1 want: ~1.1.2
210 silly placeDep ROOT on-finished@2.4.1 OK for: express@4.22.1 want: ~2.4.1
211 silly placeDep ROOT parseurl@1.3.3 OK for: express@4.22.1 want: ~1.3.3
212 silly placeDep ROOT path-to-regexp@0.1.13 OK for: express@4.22.1 want: ~0.1.12
213 silly placeDep ROOT proxy-addr@2.0.7 OK for: express@4.22.1 want: ~2.0.7
214 silly placeDep ROOT qs@6.14.2 OK for: express@4.22.1 want: ~6.14.0
215 silly placeDep ROOT range-parser@1.2.1 OK for: express@4.22.1 want: ~1.2.1
216 silly placeDep ROOT safe-buffer@5.2.1 OK for: express@4.22.1 want: 5.2.1
217 silly placeDep ROOT send@0.19.2 OK for: express@4.22.1 want: ~0.19.0
218 silly placeDep ROOT serve-static@1.16.3 OK for: express@4.22.1 want: ~1.16.2
219 silly placeDep ROOT setprototypeof@1.2.0 OK for: express@4.22.1 want: 1.2.0
220 silly placeDep ROOT statuses@2.0.2 OK for: express@4.22.1 want: ~2.0.1
221 silly placeDep ROOT type-is@1.6.18 OK for: express@4.22.1 want: ~1.6.18
222 silly placeDep ROOT utils-merge@1.0.1 OK for: express@4.22.1 want: 1.0.1
223 silly placeDep ROOT vary@1.1.2 OK for: express@4.22.1 want: ~1.1.2
224 silly fetch manifest mime-types@~2.1.34
225 silly packumentCache full:https://registry.npmjs.org/mime-types cache-miss
226 http fetch GET 200 https://registry.npmjs.org/mime-types 30ms (cache miss)
227 silly packumentCache full:https://registry.npmjs.org/mime-types set size:undefined disposed:false
228 silly fetch manifest negotiator@0.6.3
229 silly packumentCache full:https://registry.npmjs.org/negotiator cache-miss
230 http fetch GET 200 https://registry.npmjs.org/negotiator 23ms (cache miss)
231 silly packumentCache full:https://registry.npmjs.org/negotiator set size:undefined disposed:false
232 silly fetch manifest bytes@~3.1.2
233 silly packumentCache full:https://registry.npmjs.org/bytes cache-miss
234 http fetch GET 200 https://registry.npmjs.org/bytes 20ms (cache miss)
235 silly packumentCache full:https://registry.npmjs.org/bytes set size:undefined disposed:false
236 silly fetch manifest content-type@~1.0.5
237 silly packumentCache full:https://registry.npmjs.org/content-type cache-miss
238 http fetch GET 200 https://registry.npmjs.org/content-type 4ms (cache hit)
239 silly packumentCache full:https://registry.npmjs.org/content-type set size:17311 disposed:false
240 silly fetch manifest destroy@~1.2.0
241 silly packumentCache full:https://registry.npmjs.org/destroy cache-miss
242 http fetch GET 200 https://registry.npmjs.org/destroy 26ms (cache miss)
243 silly packumentCache full:https://registry.npmjs.org/destroy set size:undefined disposed:false
244 silly fetch manifest http-errors@~2.0.1
245 silly packumentCache full:https://registry.npmjs.org/http-errors cache-miss
246 http fetch GET 200 https://registry.npmjs.org/http-errors 5ms (cache hit)
247 silly packumentCache full:https://registry.npmjs.org/http-errors set size:71987 disposed:false
248 silly fetch manifest iconv-lite@~0.4.24
249 silly packumentCache full:https://registry.npmjs.org/iconv-lite cache-miss
250 http fetch GET 200 https://registry.npmjs.org/iconv-lite 36ms (cache miss)
251 silly packumentCache full:https://registry.npmjs.org/iconv-lite set size:undefined disposed:false
252 silly fetch manifest qs@~6.15.1
253 silly packumentCache full:https://registry.npmjs.org/qs cache-miss
254 http fetch GET 200 https://registry.npmjs.org/qs 6ms (cache hit)
255 silly packumentCache full:https://registry.npmjs.org/qs set size:353582 disposed:false
256 silly fetch manifest raw-body@~2.5.3
257 silly packumentCache full:https://registry.npmjs.org/raw-body cache-miss
258 http fetch GET 200 https://registry.npmjs.org/raw-body 42ms (cache miss)
259 silly packumentCache full:https://registry.npmjs.org/raw-body set size:undefined disposed:false
260 silly fetch manifest unpipe@~1.0.0
261 silly packumentCache full:https://registry.npmjs.org/unpipe cache-miss
262 http fetch GET 200 https://registry.npmjs.org/unpipe 23ms (cache miss)
263 silly packumentCache full:https://registry.npmjs.org/unpipe set size:undefined disposed:false
264 silly fetch manifest ms@2.0.0
265 silly packumentCache full:https://registry.npmjs.org/ms cache-miss
266 http fetch GET 200 https://registry.npmjs.org/ms 29ms (cache miss)
267 silly packumentCache full:https://registry.npmjs.org/ms set size:undefined disposed:false
268 silly fetch manifest statuses@~2.0.2
269 silly packumentCache full:https://registry.npmjs.org/statuses cache-miss
270 http fetch GET 200 https://registry.npmjs.org/statuses 6ms (cache hit)
271 silly packumentCache full:https://registry.npmjs.org/statuses set size:37117 disposed:false
272 silly fetch manifest inherits@~2.0.4
273 silly packumentCache full:https://registry.npmjs.org/inherits cache-miss
274 http fetch GET 200 https://registry.npmjs.org/inherits 18ms (cache miss)
275 silly packumentCache full:https://registry.npmjs.org/inherits set size:undefined disposed:false
276 silly fetch manifest setprototypeof@~1.2.0
277 silly packumentCache full:https://registry.npmjs.org/setprototypeof cache-miss
278 http fetch GET 200 https://registry.npmjs.org/setprototypeof 5ms (cache hit)
279 silly packumentCache full:https://registry.npmjs.org/setprototypeof set size:14532 disposed:false
280 silly fetch manifest toidentifier@~1.0.1
281 silly packumentCache full:https://registry.npmjs.org/toidentifier cache-miss
282 http fetch GET 200 https://registry.npmjs.org/toidentifier 24ms (cache miss)
283 silly packumentCache full:https://registry.npmjs.org/toidentifier set size:undefined disposed:false
284 silly fetch manifest ee-first@1.1.1
285 silly packumentCache full:https://registry.npmjs.org/ee-first cache-miss
286 http fetch GET 200 https://registry.npmjs.org/ee-first 20ms (cache miss)
287 silly packumentCache full:https://registry.npmjs.org/ee-first set size:undefined disposed:false
288 silly fetch manifest forwarded@0.2.0
289 silly packumentCache full:https://registry.npmjs.org/forwarded cache-miss
290 http fetch GET 200 https://registry.npmjs.org/forwarded 29ms (cache miss)
291 silly packumentCache full:https://registry.npmjs.org/forwarded set size:undefined disposed:false
292 silly fetch manifest ipaddr.js@1.9.1
293 silly packumentCache full:https://registry.npmjs.org/ipaddr.js cache-miss
294 http fetch GET 200 https://registry.npmjs.org/ipaddr.js 23ms (cache miss)
295 silly packumentCache full:https://registry.npmjs.org/ipaddr.js set size:undefined disposed:false
296 silly fetch manifest side-channel@^1.1.0
297 silly packumentCache full:https://registry.npmjs.org/side-channel cache-miss
298 http fetch GET 200 https://registry.npmjs.org/side-channel 24ms (cache miss)
299 silly packumentCache full:https://registry.npmjs.org/side-channel set size:undefined disposed:false
300 silly fetch manifest ms@2.1.3
301 silly packumentCache full:https://registry.npmjs.org/ms cache-miss
302 http fetch GET 200 https://registry.npmjs.org/ms 2ms (cache hit)
303 silly packumentCache full:https://registry.npmjs.org/ms set size:92208 disposed:false
304 silly fetch manifest mime@1.6.0
305 silly packumentCache full:https://registry.npmjs.org/mime cache-miss
306 http fetch GET 200 https://registry.npmjs.org/mime 35ms (cache miss)
307 silly packumentCache full:https://registry.npmjs.org/mime set size:undefined disposed:false
308 silly fetch manifest destroy@1.2.0
309 silly packumentCache full:https://registry.npmjs.org/destroy cache-miss
310 http fetch GET 200 https://registry.npmjs.org/destroy 3ms (cache hit)
311 silly packumentCache full:https://registry.npmjs.org/destroy set size:15738 disposed:false
312 silly fetch manifest mime-types@~2.1.24
313 silly packumentCache full:https://registry.npmjs.org/mime-types cache-miss
314 http fetch GET 200 https://registry.npmjs.org/mime-types 3ms (cache hit)
315 silly packumentCache full:https://registry.npmjs.org/mime-types set size:139110 disposed:false
316 silly fetch manifest media-typer@0.3.0
317 silly packumentCache full:https://registry.npmjs.org/media-typer cache-miss
318 http fetch GET 200 https://registry.npmjs.org/media-typer 47ms (cache miss)
319 silly packumentCache full:https://registry.npmjs.org/media-typer set size:undefined disposed:false
320 silly placeDep ROOT mime-types@2.1.35 OK for: accepts@1.3.8 want: ~2.1.34
321 silly placeDep ROOT negotiator@0.6.3 OK for: accepts@1.3.8 want: 0.6.3
322 silly fetch manifest mime-db@1.52.0
323 silly packumentCache full:https://registry.npmjs.org/mime-db cache-miss
324 http fetch GET 200 https://registry.npmjs.org/mime-db 32ms (cache miss)
325 silly packumentCache full:https://registry.npmjs.org/mime-db set size:undefined disposed:false
326 silly placeDep ROOT bytes@3.1.2 OK for: body-parser@1.20.5 want: ~3.1.2
327 silly placeDep ROOT destroy@1.2.0 OK for: body-parser@1.20.5 want: ~1.2.0
328 silly placeDep ROOT iconv-lite@0.4.24 OK for: body-parser@1.20.5 want: ~0.4.24
329 silly placeDep node_modules/body-parser qs@6.15.1 OK for: body-parser@1.20.5 want: ~6.15.1
330 silly placeDep ROOT raw-body@2.5.3 OK for: body-parser@1.20.5 want: ~2.5.3
331 silly placeDep ROOT unpipe@1.0.0 OK for: body-parser@1.20.5 want: ~1.0.0
332 silly fetch manifest safer-buffer@>= 2.1.2 < 3
333 silly packumentCache full:https://registry.npmjs.org/safer-buffer cache-miss
334 http fetch GET 200 https://registry.npmjs.org/safer-buffer 28ms (cache miss)
335 silly packumentCache full:https://registry.npmjs.org/safer-buffer set size:undefined disposed:false
336 silly placeDep ROOT ms@2.0.0 OK for: debug@2.6.9 want: 2.0.0
337 silly placeDep ROOT inherits@2.0.4 OK for: http-errors@2.0.1 want: ~2.0.4
338 silly placeDep ROOT toidentifier@1.0.1 OK for: http-errors@2.0.1 want: ~1.0.1
339 silly placeDep ROOT safer-buffer@2.1.2 OK for: iconv-lite@0.4.24 want: >= 2.1.2 < 3
340 silly placeDep ROOT mime-db@1.52.0 OK for: mime-types@2.1.35 want: 1.52.0
341 silly placeDep ROOT chokidar@3.6.0 OK for: nodemon@3.1.14 want: ^3.5.2
342 silly placeDep node_modules/nodemon debug@4.4.3 OK for: nodemon@3.1.14 want: ^4
343 silly placeDep ROOT ignore-by-default@1.0.1 OK for: nodemon@3.1.14 want: ^1.0.1
344 silly placeDep ROOT minimatch@10.2.5 OK for: nodemon@3.1.14 want: ^10.2.1
345 silly placeDep ROOT pstree.remy@1.1.8 OK for: nodemon@3.1.14 want: ^1.1.8
346 silly placeDep ROOT semver@7.7.4 OK for: nodemon@3.1.14 want: ^7.5.3
347 silly placeDep ROOT simple-update-notifier@2.0.0 OK for: nodemon@3.1.14 want: ^2.0.0
348 silly placeDep ROOT supports-color@5.5.0 OK for: nodemon@3.1.14 want: ^5.5.0
349 silly placeDep ROOT touch@3.1.1 OK for: nodemon@3.1.14 want: ^3.1.0
350 silly placeDep ROOT undefsafe@2.0.5 OK for: nodemon@3.1.14 want: ^2.0.5
351 silly fetch manifest braces@~3.0.2
352 silly packumentCache full:https://registry.npmjs.org/braces cache-miss
353 http fetch GET 200 https://registry.npmjs.org/braces 27ms (cache miss)
354 silly packumentCache full:https://registry.npmjs.org/braces set size:undefined disposed:false
355 silly fetch manifest is-glob@~4.0.1
356 silly packumentCache full:https://registry.npmjs.org/is-glob cache-miss
357 http fetch GET 200 https://registry.npmjs.org/is-glob 30ms (cache miss)
358 silly packumentCache full:https://registry.npmjs.org/is-glob set size:undefined disposed:false
359 silly fetch manifest anymatch@~3.1.2
360 silly packumentCache full:https://registry.npmjs.org/anymatch cache-miss
361 http fetch GET 200 https://registry.npmjs.org/anymatch 25ms (cache miss)
362 silly packumentCache full:https://registry.npmjs.org/anymatch set size:undefined disposed:false
363 silly fetch manifest readdirp@~3.6.0
364 silly packumentCache full:https://registry.npmjs.org/readdirp cache-miss
365 http fetch GET 200 https://registry.npmjs.org/readdirp 40ms (cache miss)
366 silly packumentCache full:https://registry.npmjs.org/readdirp set size:undefined disposed:false
367 silly fetch manifest glob-parent@~5.1.2
368 silly packumentCache full:https://registry.npmjs.org/glob-parent cache-miss
369 http fetch GET 200 https://registry.npmjs.org/glob-parent 33ms (cache miss)
370 silly packumentCache full:https://registry.npmjs.org/glob-parent set size:undefined disposed:false
371 silly fetch manifest is-binary-path@~2.1.0
372 silly packumentCache full:https://registry.npmjs.org/is-binary-path cache-miss
373 http fetch GET 200 https://registry.npmjs.org/is-binary-path 31ms (cache miss)
374 silly packumentCache full:https://registry.npmjs.org/is-binary-path set size:undefined disposed:false
375 silly fetch manifest normalize-path@~3.0.0
376 silly packumentCache full:https://registry.npmjs.org/normalize-path cache-miss
377 http fetch GET 200 https://registry.npmjs.org/normalize-path 38ms (cache miss)
378 silly packumentCache full:https://registry.npmjs.org/normalize-path set size:undefined disposed:false
379 silly fetch manifest fsevents@~2.3.2
380 silly packumentCache full:https://registry.npmjs.org/fsevents cache-miss
381 http fetch GET 200 https://registry.npmjs.org/fsevents 31ms (cache miss)
382 silly packumentCache full:https://registry.npmjs.org/fsevents set size:undefined disposed:false
383 silly fetch manifest ms@^2.1.3
384 silly packumentCache full:https://registry.npmjs.org/ms cache-hit
385 silly fetch manifest brace-expansion@^5.0.5
386 silly packumentCache full:https://registry.npmjs.org/brace-expansion cache-miss
387 http fetch GET 200 https://registry.npmjs.org/brace-expansion 20ms (cache miss)
388 silly packumentCache full:https://registry.npmjs.org/brace-expansion set size:undefined disposed:false
389 silly fetch manifest has-flag@^3.0.0
390 silly packumentCache full:https://registry.npmjs.org/has-flag cache-miss
391 http fetch GET 200 https://registry.npmjs.org/has-flag 36ms (cache miss)
392 silly packumentCache full:https://registry.npmjs.org/has-flag set size:undefined disposed:false
393 silly placeDep ROOT anymatch@3.1.3 OK for: chokidar@3.6.0 want: ~3.1.2
394 silly placeDep ROOT braces@3.0.3 OK for: chokidar@3.6.0 want: ~3.0.2
395 silly placeDep ROOT fsevents@2.3.3 OK for: chokidar@3.6.0 want: ~2.3.2
396 silly placeDep ROOT glob-parent@5.1.2 OK for: chokidar@3.6.0 want: ~5.1.2
397 silly placeDep ROOT is-binary-path@2.1.0 OK for: chokidar@3.6.0 want: ~2.1.0
398 silly placeDep ROOT is-glob@4.0.3 OK for: chokidar@3.6.0 want: ~4.0.1
399 silly placeDep ROOT normalize-path@3.0.0 OK for: chokidar@3.6.0 want: ~3.0.0
400 silly placeDep ROOT readdirp@3.6.0 OK for: chokidar@3.6.0 want: ~3.6.0
401 silly fetch manifest picomatch@^2.0.4
402 silly packumentCache full:https://registry.npmjs.org/picomatch cache-miss
403 http fetch GET 200 https://registry.npmjs.org/picomatch 31ms (cache miss)
404 silly packumentCache full:https://registry.npmjs.org/picomatch set size:undefined disposed:false
405 silly fetch manifest normalize-path@^3.0.0
406 silly packumentCache full:https://registry.npmjs.org/normalize-path cache-miss
407 http fetch GET 200 https://registry.npmjs.org/normalize-path 45ms (cache hit)
408 silly packumentCache full:https://registry.npmjs.org/normalize-path set size:28713 disposed:false
409 silly fetch manifest fill-range@^7.1.1
410 silly packumentCache full:https://registry.npmjs.org/fill-range cache-miss
411 http fetch GET 200 https://registry.npmjs.org/fill-range 45ms (cache miss)
412 silly packumentCache full:https://registry.npmjs.org/fill-range set size:undefined disposed:false
413 silly fetch manifest is-glob@^4.0.1
414 silly packumentCache full:https://registry.npmjs.org/is-glob cache-miss
415 http fetch GET 200 https://registry.npmjs.org/is-glob 5ms (cache hit)
416 silly packumentCache full:https://registry.npmjs.org/is-glob set size:40530 disposed:false
417 silly fetch manifest binary-extensions@^2.0.0
418 silly packumentCache full:https://registry.npmjs.org/binary-extensions cache-miss
419 http fetch GET 200 https://registry.npmjs.org/binary-extensions 34ms (cache miss)
420 silly packumentCache full:https://registry.npmjs.org/binary-extensions set size:undefined disposed:false
421 silly fetch manifest is-extglob@^2.1.1
422 silly packumentCache full:https://registry.npmjs.org/is-extglob cache-miss
423 http fetch GET 200 https://registry.npmjs.org/is-extglob 23ms (cache miss)
424 silly packumentCache full:https://registry.npmjs.org/is-extglob set size:undefined disposed:false
425 silly fetch manifest picomatch@^2.2.1
426 silly packumentCache full:https://registry.npmjs.org/picomatch cache-miss
427 http fetch GET 200 https://registry.npmjs.org/picomatch 4ms (cache hit)
428 silly packumentCache full:https://registry.npmjs.org/picomatch set size:126376 disposed:false
429 silly placeDep ROOT picomatch@2.3.2 OK for: anymatch@3.1.3 want: ^2.0.4
430 silly placeDep ROOT fill-range@7.1.1 OK for: braces@3.0.3 want: ^7.1.1
431 silly fetch manifest to-regex-range@^5.0.1
432 silly packumentCache full:https://registry.npmjs.org/to-regex-range cache-miss
433 http fetch GET 200 https://registry.npmjs.org/to-regex-range 34ms (cache miss)
434 silly packumentCache full:https://registry.npmjs.org/to-regex-range set size:undefined disposed:false
435 silly placeDep ROOT to-regex-range@5.0.1 OK for: fill-range@7.1.1 want: ^5.0.1
436 silly fetch manifest is-number@^7.0.0
437 silly packumentCache full:https://registry.npmjs.org/is-number cache-miss
438 http fetch GET 200 https://registry.npmjs.org/is-number 27ms (cache miss)
439 silly packumentCache full:https://registry.npmjs.org/is-number set size:undefined disposed:false
440 silly placeDep ROOT binary-extensions@2.3.0 OK for: is-binary-path@2.1.0 want: ^2.0.0
441 silly placeDep ROOT is-extglob@2.1.1 OK for: is-glob@4.0.3 want: ^2.1.1
442 silly placeDep ROOT brace-expansion@5.0.5 OK for: minimatch@10.2.5 want: ^5.0.5
443 silly fetch manifest balanced-match@^4.0.2
444 silly packumentCache full:https://registry.npmjs.org/balanced-match cache-miss
445 http fetch GET 200 https://registry.npmjs.org/balanced-match 20ms (cache miss)
446 silly packumentCache full:https://registry.npmjs.org/balanced-match set size:undefined disposed:false
447 silly placeDep ROOT balanced-match@4.0.4 OK for: brace-expansion@5.0.5 want: ^4.0.2
448 silly placeDep ROOT ee-first@1.1.1 OK for: on-finished@2.4.1 want: 1.1.1
449 silly placeDep ROOT forwarded@0.2.0 OK for: proxy-addr@2.0.7 want: 0.2.0
450 silly placeDep ROOT ipaddr.js@1.9.1 OK for: proxy-addr@2.0.7 want: 1.9.1
451 silly placeDep ROOT side-channel@1.1.0 OK for: qs@6.14.2 want: ^1.1.0
452 silly fetch manifest es-errors@^1.3.0
453 silly packumentCache full:https://registry.npmjs.org/es-errors cache-miss
454 http fetch GET 200 https://registry.npmjs.org/es-errors 27ms (cache miss)
455 silly packumentCache full:https://registry.npmjs.org/es-errors set size:undefined disposed:false
456 silly fetch manifest object-inspect@^1.13.3
457 silly packumentCache full:https://registry.npmjs.org/object-inspect cache-miss
458 http fetch GET 200 https://registry.npmjs.org/object-inspect 26ms (cache miss)
459 silly packumentCache full:https://registry.npmjs.org/object-inspect set size:undefined disposed:false
460 silly fetch manifest side-channel-list@^1.0.0
461 silly packumentCache full:https://registry.npmjs.org/side-channel-list cache-miss
462 http fetch GET 200 https://registry.npmjs.org/side-channel-list 22ms (cache miss)
463 silly packumentCache full:https://registry.npmjs.org/side-channel-list set size:undefined disposed:false
464 silly fetch manifest side-channel-map@^1.0.1
465 silly packumentCache full:https://registry.npmjs.org/side-channel-map cache-miss
466 http fetch GET 200 https://registry.npmjs.org/side-channel-map 22ms (cache miss)
467 silly packumentCache full:https://registry.npmjs.org/side-channel-map set size:undefined disposed:false
468 silly fetch manifest side-channel-weakmap@^1.0.2
469 silly packumentCache full:https://registry.npmjs.org/side-channel-weakmap cache-miss
470 http fetch GET 200 https://registry.npmjs.org/side-channel-weakmap 23ms (cache miss)
471 silly packumentCache full:https://registry.npmjs.org/side-channel-weakmap set size:undefined disposed:false
472 silly placeDep ROOT mime@1.6.0 OK for: send@0.19.2 want: 1.6.0
473 silly placeDep node_modules/send ms@2.1.3 OK for: send@0.19.2 want: 2.1.3
474 silly placeDep ROOT es-errors@1.3.0 OK for: side-channel@1.1.0 want: ^1.3.0
475 silly placeDep ROOT object-inspect@1.13.4 OK for: side-channel@1.1.0 want: ^1.13.3
476 silly placeDep ROOT side-channel-list@1.0.1 OK for: side-channel@1.1.0 want: ^1.0.0
477 silly placeDep ROOT side-channel-map@1.0.1 OK for: side-channel@1.1.0 want: ^1.0.1
478 silly placeDep ROOT side-channel-weakmap@1.0.2 OK for: side-channel@1.1.0 want: ^1.0.2
479 silly fetch manifest call-bound@^1.0.2
480 silly packumentCache full:https://registry.npmjs.org/call-bound cache-miss
481 http fetch GET 200 https://registry.npmjs.org/call-bound 60ms (cache miss)
482 silly packumentCache full:https://registry.npmjs.org/call-bound set size:undefined disposed:false
483 silly fetch manifest get-intrinsic@^1.2.5
484 silly packumentCache full:https://registry.npmjs.org/get-intrinsic cache-miss
485 http fetch GET 200 https://registry.npmjs.org/get-intrinsic 23ms (cache miss)
486 silly packumentCache full:https://registry.npmjs.org/get-intrinsic set size:undefined disposed:false
487 silly placeDep ROOT call-bound@1.0.4 OK for: side-channel-map@1.0.1 want: ^1.0.2
488 silly placeDep ROOT get-intrinsic@1.3.0 OK for: side-channel-map@1.0.1 want: ^1.2.5
489 silly fetch manifest call-bind-apply-helpers@^1.0.2
490 silly packumentCache full:https://registry.npmjs.org/call-bind-apply-helpers cache-miss
491 http fetch GET 200 https://registry.npmjs.org/call-bind-apply-helpers 22ms (cache miss)
492 silly packumentCache full:https://registry.npmjs.org/call-bind-apply-helpers set size:undefined disposed:false
493 silly fetch manifest get-intrinsic@^1.3.0
494 silly packumentCache full:https://registry.npmjs.org/get-intrinsic cache-miss
495 http fetch GET 200 https://registry.npmjs.org/get-intrinsic 5ms (cache hit)
496 silly packumentCache full:https://registry.npmjs.org/get-intrinsic set size:60985 disposed:false
497 silly fetch manifest gopd@^1.2.0
498 silly packumentCache full:https://registry.npmjs.org/gopd cache-miss
499 http fetch GET 200 https://registry.npmjs.org/gopd 21ms (cache miss)
500 silly packumentCache full:https://registry.npmjs.org/gopd set size:undefined disposed:false
501 silly fetch manifest hasown@^2.0.2
502 silly packumentCache full:https://registry.npmjs.org/hasown cache-miss
503 http fetch GET 200 https://registry.npmjs.org/hasown 31ms (cache miss)
504 silly packumentCache full:https://registry.npmjs.org/hasown set size:undefined disposed:false
505 silly fetch manifest get-proto@^1.0.1
506 silly packumentCache full:https://registry.npmjs.org/get-proto cache-miss
507 http fetch GET 200 https://registry.npmjs.org/get-proto 24ms (cache miss)
508 silly packumentCache full:https://registry.npmjs.org/get-proto set size:undefined disposed:false
509 silly fetch manifest has-symbols@^1.1.0
510 silly packumentCache full:https://registry.npmjs.org/has-symbols cache-miss
511 http fetch GET 200 https://registry.npmjs.org/has-symbols 25ms (cache miss)
512 silly packumentCache full:https://registry.npmjs.org/has-symbols set size:undefined disposed:false
513 silly fetch manifest function-bind@^1.1.2
514 silly packumentCache full:https://registry.npmjs.org/function-bind cache-miss
515 http fetch GET 200 https://registry.npmjs.org/function-bind 25ms (cache miss)
516 silly packumentCache full:https://registry.npmjs.org/function-bind set size:undefined disposed:false
517 silly fetch manifest es-object-atoms@^1.1.1
518 silly packumentCache full:https://registry.npmjs.org/es-object-atoms cache-miss
519 http fetch GET 200 https://registry.npmjs.org/es-object-atoms 22ms (cache miss)
520 silly packumentCache full:https://registry.npmjs.org/es-object-atoms set size:undefined disposed:false
521 silly fetch manifest math-intrinsics@^1.1.0
522 silly packumentCache full:https://registry.npmjs.org/math-intrinsics cache-miss
523 http fetch GET 200 https://registry.npmjs.org/math-intrinsics 29ms (cache miss)
524 silly packumentCache full:https://registry.npmjs.org/math-intrinsics set size:undefined disposed:false
525 silly fetch manifest es-define-property@^1.0.1
526 silly packumentCache full:https://registry.npmjs.org/es-define-property cache-miss
527 http fetch GET 200 https://registry.npmjs.org/es-define-property 26ms (cache miss)
528 silly packumentCache full:https://registry.npmjs.org/es-define-property set size:undefined disposed:false
529 silly placeDep ROOT call-bind-apply-helpers@1.0.2 OK for: call-bound@1.0.4 want: ^1.0.2
530 silly placeDep ROOT function-bind@1.1.2 OK for: call-bind-apply-helpers@1.0.2 want: ^1.1.2
531 silly placeDep ROOT es-define-property@1.0.1 OK for: get-intrinsic@1.3.0 want: ^1.0.1
532 silly placeDep ROOT es-object-atoms@1.1.1 OK for: get-intrinsic@1.3.0 want: ^1.1.1
533 silly placeDep ROOT get-proto@1.0.1 OK for: get-intrinsic@1.3.0 want: ^1.0.1
534 silly placeDep ROOT gopd@1.2.0 OK for: get-intrinsic@1.3.0 want: ^1.2.0
535 silly placeDep ROOT has-symbols@1.1.0 OK for: get-intrinsic@1.3.0 want: ^1.1.0
536 silly placeDep ROOT hasown@2.0.3 OK for: get-intrinsic@1.3.0 want: ^2.0.2
537 silly placeDep ROOT math-intrinsics@1.1.0 OK for: get-intrinsic@1.3.0 want: ^1.1.0
538 silly fetch manifest dunder-proto@^1.0.1
539 silly packumentCache full:https://registry.npmjs.org/dunder-proto cache-miss
540 http fetch GET 200 https://registry.npmjs.org/dunder-proto 34ms (cache miss)
541 silly packumentCache full:https://registry.npmjs.org/dunder-proto set size:undefined disposed:false
542 silly placeDep ROOT dunder-proto@1.0.1 OK for: get-proto@1.0.1 want: ^1.0.1
543 silly placeDep ROOT has-flag@3.0.0 OK for: supports-color@5.5.0 want: ^3.0.0
544 silly placeDep ROOT is-number@7.0.0 OK for: to-regex-range@5.0.1 want: ^7.0.0
545 silly placeDep ROOT media-typer@0.3.0 OK for: type-is@1.6.18 want: 0.3.0
546 silly placeDep node_modules/nodemon ms@2.1.3 OK for: debug@4.4.3 want: ^2.1.3
547 silly reify mark retired [ '/home/azureuser/node_modules/dotenv' ]
548 silly reify moves {
548 silly reify   '/home/azureuser/node_modules/dotenv': '/home/azureuser/node_modules/.dotenv-61FRWSHR'
548 silly reify }
549 silly audit bulk request {
549 silly audit   dotenv: [ '16.6.1' ],
549 silly audit   express: [ '4.22.1' ],
549 silly audit   nodemon: [ '3.1.14' ],
549 silly audit   accepts: [ '1.3.8' ],
549 silly audit   'array-flatten': [ '1.1.1' ],
549 silly audit   'body-parser': [ '1.20.5' ],
549 silly audit   'content-disposition': [ '0.5.4' ],
549 silly audit   'content-type': [ '1.0.5' ],
549 silly audit   cookie: [ '0.7.2' ],
549 silly audit   'cookie-signature': [ '1.0.7' ],
549 silly audit   debug: [ '2.6.9', '4.4.3' ],
549 silly audit   depd: [ '2.0.0' ],
549 silly audit   encodeurl: [ '2.0.0' ],
549 silly audit   'escape-html': [ '1.0.3' ],
549 silly audit   etag: [ '1.8.1' ],
549 silly audit   finalhandler: [ '1.3.2' ],
549 silly audit   fresh: [ '0.5.2' ],
549 silly audit   'http-errors': [ '2.0.1' ],
549 silly audit   'merge-descriptors': [ '1.0.3' ],
549 silly audit   methods: [ '1.1.2' ],
549 silly audit   'on-finished': [ '2.4.1' ],
549 silly audit   parseurl: [ '1.3.3' ],
549 silly audit   'path-to-regexp': [ '0.1.13' ],
549 silly audit   'proxy-addr': [ '2.0.7' ],
549 silly audit   qs: [ '6.14.2', '6.15.1' ],
549 silly audit   'range-parser': [ '1.2.1' ],
549 silly audit   'safe-buffer': [ '5.2.1' ],
549 silly audit   send: [ '0.19.2' ],
549 silly audit   'serve-static': [ '1.16.3' ],
549 silly audit   setprototypeof: [ '1.2.0' ],
549 silly audit   statuses: [ '2.0.2' ],
549 silly audit   'type-is': [ '1.6.18' ],
549 silly audit   'utils-merge': [ '1.0.1' ],
549 silly audit   vary: [ '1.1.2' ],
549 silly audit   'mime-types': [ '2.1.35' ],
549 silly audit   negotiator: [ '0.6.3' ],
549 silly audit   bytes: [ '3.1.2' ],
549 silly audit   destroy: [ '1.2.0' ],
549 silly audit   'iconv-lite': [ '0.4.24' ],
549 silly audit   'raw-body': [ '2.5.3' ],
549 silly audit   unpipe: [ '1.0.0' ],
549 silly audit   ms: [ '2.0.0', '2.1.3' ],
549 silly audit   inherits: [ '2.0.4' ],
549 silly audit   toidentifier: [ '1.0.1' ],
549 silly audit   'safer-buffer': [ '2.1.2' ],
549 silly audit   'mime-db': [ '1.52.0' ],
549 silly audit   chokidar: [ '3.6.0' ],
549 silly audit   'ignore-by-default': [ '1.0.1' ],
549 silly audit   minimatch: [ '10.2.5' ],
549 silly audit   'pstree.remy': [ '1.1.8' ],
549 silly audit   semver: [ '7.7.4' ],
549 silly audit   'simple-update-notifier': [ '2.0.0' ],
549 silly audit   'supports-color': [ '5.5.0' ],
549 silly audit   touch: [ '3.1.1' ],
549 silly audit   undefsafe: [ '2.0.5' ],
549 silly audit   anymatch: [ '3.1.3' ],
549 silly audit   braces: [ '3.0.3' ],
549 silly audit   fsevents: [ '2.3.3' ],
549 silly audit   'glob-parent': [ '5.1.2' ],
549 silly audit   'is-binary-path': [ '2.1.0' ],
549 silly audit   'is-glob': [ '4.0.3' ],
549 silly audit   'normalize-path': [ '3.0.0' ],
549 silly audit   readdirp: [ '3.6.0' ],
549 silly audit   picomatch: [ '2.3.2' ],
549 silly audit   'fill-range': [ '7.1.1' ],
549 silly audit   'to-regex-range': [ '5.0.1' ],
549 silly audit   'binary-extensions': [ '2.3.0' ],
549 silly audit   'is-extglob': [ '2.1.1' ],
549 silly audit   'brace-expansion': [ '5.0.5' ],
549 silly audit   'balanced-match': [ '4.0.4' ],
549 silly audit   'ee-first': [ '1.1.1' ],
549 silly audit   forwarded: [ '0.2.0' ],
549 silly audit   'ipaddr.js': [ '1.9.1' ],
549 silly audit   'side-channel': [ '1.1.0' ],
549 silly audit   mime: [ '1.6.0' ],
549 silly audit   'es-errors': [ '1.3.0' ],
549 silly audit   'object-inspect': [ '1.13.4' ],
549 silly audit   'side-channel-list': [ '1.0.1' ],
549 silly audit   'side-channel-map': [ '1.0.1' ],
549 silly audit   'side-channel-weakmap': [ '1.0.2' ],
549 silly audit   'call-bound': [ '1.0.4' ],
549 silly audit   'get-intrinsic': [ '1.3.0' ],
549 silly audit   'call-bind-apply-helpers': [ '1.0.2' ],
549 silly audit   'function-bind': [ '1.1.2' ],
549 silly audit   'es-define-property': [ '1.0.1' ],
549 silly audit   'es-object-atoms': [ '1.1.1' ],
549 silly audit   'get-proto': [ '1.0.1' ],
549 silly audit   gopd: [ '1.2.0' ],
549 silly audit   'has-symbols': [ '1.1.0' ],
549 silly audit   hasown: [ '2.0.3' ],
549 silly audit   'math-intrinsics': [ '1.1.0' ],
549 silly audit   'dunder-proto': [ '1.0.1' ],
549 silly audit   'has-flag': [ '3.0.0' ],
549 silly audit   'is-number': [ '7.0.0' ],
549 silly audit   'media-typer': [ '0.3.0' ]
549 silly audit }
550 verbose reify failed optional dependency /home/azureuser/node_modules/fsevents
551 silly reify mark deleted [ '/home/azureuser/node_modules/fsevents' ]
552 silly tarball no local data for is-number@https://registry.npmjs.org/is-number/-/is-number-7.0.0.tgz. Extracting by manifest.
553 silly tarball no local data for media-typer@https://registry.npmjs.org/media-typer/-/media-typer-0.3.0.tgz. Extracting by manifest.
554 silly tarball no local data for dunder-proto@https://registry.npmjs.org/dunder-proto/-/dunder-proto-1.0.1.tgz. Extracting by manifest.
555 silly tarball no local data for math-intrinsics@https://registry.npmjs.org/math-intrinsics/-/math-intrinsics-1.1.0.tgz. Extracting by manifest.
556 silly tarball no local data for hasown@https://registry.npmjs.org/hasown/-/hasown-2.0.3.tgz. Extracting by manifest.
557 silly tarball no local data for has-symbols@https://registry.npmjs.org/has-symbols/-/has-symbols-1.1.0.tgz. Extracting by manifest.
558 silly tarball no local data for gopd@https://registry.npmjs.org/gopd/-/gopd-1.2.0.tgz. Extracting by manifest.
559 silly tarball no local data for get-proto@https://registry.npmjs.org/get-proto/-/get-proto-1.0.1.tgz. Extracting by manifest.
560 silly tarball no local data for has-flag@https://registry.npmjs.org/has-flag/-/has-flag-3.0.0.tgz. Extracting by manifest.
561 silly tarball no local data for es-object-atoms@https://registry.npmjs.org/es-object-atoms/-/es-object-atoms-1.1.1.tgz. Extracting by manifest.
562 silly tarball no local data for es-define-property@https://registry.npmjs.org/es-define-property/-/es-define-property-1.0.1.tgz. Extracting by manifest.
563 silly tarball no local data for function-bind@https://registry.npmjs.org/function-bind/-/function-bind-1.1.2.tgz. Extracting by manifest.
564 silly tarball no local data for call-bind-apply-helpers@https://registry.npmjs.org/call-bind-apply-helpers/-/call-bind-apply-helpers-1.0.2.tgz. Extracting by manifest.
565 silly tarball no local data for call-bound@https://registry.npmjs.org/call-bound/-/call-bound-1.0.4.tgz. Extracting by manifest.
566 silly tarball no local data for get-intrinsic@https://registry.npmjs.org/get-intrinsic/-/get-intrinsic-1.3.0.tgz. Extracting by manifest.
567 silly tarball no local data for side-channel-map@https://registry.npmjs.org/side-channel-map/-/side-channel-map-1.0.1.tgz. Extracting by manifest.
568 silly tarball no local data for side-channel-list@https://registry.npmjs.org/side-channel-list/-/side-channel-list-1.0.1.tgz. Extracting by manifest.
569 silly tarball no local data for object-inspect@https://registry.npmjs.org/object-inspect/-/object-inspect-1.13.4.tgz. Extracting by manifest.
570 silly tarball no local data for es-errors@https://registry.npmjs.org/es-errors/-/es-errors-1.3.0.tgz. Extracting by manifest.
571 silly tarball no local data for mime@https://registry.npmjs.org/mime/-/mime-1.6.0.tgz. Extracting by manifest.
572 silly tarball no local data for side-channel@https://registry.npmjs.org/side-channel/-/side-channel-1.1.0.tgz. Extracting by manifest.
573 silly tarball no local data for forwarded@https://registry.npmjs.org/forwarded/-/forwarded-0.2.0.tgz. Extracting by manifest.
574 silly tarball no local data for side-channel-weakmap@https://registry.npmjs.org/side-channel-weakmap/-/side-channel-weakmap-1.0.2.tgz. Extracting by manifest.
575 silly tarball no local data for ipaddr.js@https://registry.npmjs.org/ipaddr.js/-/ipaddr.js-1.9.1.tgz. Extracting by manifest.
576 silly tarball no local data for ee-first@https://registry.npmjs.org/ee-first/-/ee-first-1.1.1.tgz. Extracting by manifest.
577 silly tarball no local data for is-extglob@https://registry.npmjs.org/is-extglob/-/is-extglob-2.1.1.tgz. Extracting by manifest.
578 silly tarball no local data for balanced-match@https://registry.npmjs.org/balanced-match/-/balanced-match-4.0.4.tgz. Extracting by manifest.
579 silly tarball no local data for binary-extensions@https://registry.npmjs.org/binary-extensions/-/binary-extensions-2.3.0.tgz. Extracting by manifest.
580 silly tarball no local data for brace-expansion@https://registry.npmjs.org/brace-expansion/-/brace-expansion-5.0.5.tgz. Extracting by manifest.
581 silly tarball no local data for fill-range@https://registry.npmjs.org/fill-range/-/fill-range-7.1.1.tgz. Extracting by manifest.
582 silly tarball no local data for readdirp@https://registry.npmjs.org/readdirp/-/readdirp-3.6.0.tgz. Extracting by manifest.
583 silly tarball no local data for picomatch@https://registry.npmjs.org/picomatch/-/picomatch-2.3.2.tgz. Extracting by manifest.
584 silly tarball no local data for to-regex-range@https://registry.npmjs.org/to-regex-range/-/to-regex-range-5.0.1.tgz. Extracting by manifest.
585 silly tarball no local data for normalize-path@https://registry.npmjs.org/normalize-path/-/normalize-path-3.0.0.tgz. Extracting by manifest.
586 silly tarball no local data for is-glob@https://registry.npmjs.org/is-glob/-/is-glob-4.0.3.tgz. Extracting by manifest.
587 silly tarball no local data for is-binary-path@https://registry.npmjs.org/is-binary-path/-/is-binary-path-2.1.0.tgz. Extracting by manifest.
588 silly tarball no local data for glob-parent@https://registry.npmjs.org/glob-parent/-/glob-parent-5.1.2.tgz. Extracting by manifest.
589 silly tarball no local data for braces@https://registry.npmjs.org/braces/-/braces-3.0.3.tgz. Extracting by manifest.
590 silly tarball no local data for anymatch@https://registry.npmjs.org/anymatch/-/anymatch-3.1.3.tgz. Extracting by manifest.
591 silly tarball no local data for undefsafe@https://registry.npmjs.org/undefsafe/-/undefsafe-2.0.5.tgz. Extracting by manifest.
592 silly tarball no local data for supports-color@https://registry.npmjs.org/supports-color/-/supports-color-5.5.0.tgz. Extracting by manifest.
593 silly tarball no local data for simple-update-notifier@https://registry.npmjs.org/simple-update-notifier/-/simple-update-notifier-2.0.0.tgz. Extracting by manifest.
594 silly tarball no local data for semver@https://registry.npmjs.org/semver/-/semver-7.7.4.tgz. Extracting by manifest.
595 silly tarball no local data for touch@https://registry.npmjs.org/touch/-/touch-3.1.1.tgz. Extracting by manifest.
596 silly tarball no local data for ignore-by-default@https://registry.npmjs.org/ignore-by-default/-/ignore-by-default-1.0.1.tgz. Extracting by manifest.
597 silly tarball no local data for chokidar@https://registry.npmjs.org/chokidar/-/chokidar-3.6.0.tgz. Extracting by manifest.
598 silly tarball no local data for pstree.remy@https://registry.npmjs.org/pstree.remy/-/pstree.remy-1.1.8.tgz. Extracting by manifest.
599 silly tarball no local data for minimatch@https://registry.npmjs.org/minimatch/-/minimatch-10.2.5.tgz. Extracting by manifest.
600 silly tarball no local data for mime-db@https://registry.npmjs.org/mime-db/-/mime-db-1.52.0.tgz. Extracting by manifest.
601 silly tarball no local data for safer-buffer@https://registry.npmjs.org/safer-buffer/-/safer-buffer-2.1.2.tgz. Extracting by manifest.
602 silly tarball no local data for toidentifier@https://registry.npmjs.org/toidentifier/-/toidentifier-1.0.1.tgz. Extracting by manifest.
603 silly tarball no local data for inherits@https://registry.npmjs.org/inherits/-/inherits-2.0.4.tgz. Extracting by manifest.
604 silly tarball no local data for raw-body@https://registry.npmjs.org/raw-body/-/raw-body-2.5.3.tgz. Extracting by manifest.
605 silly tarball no local data for iconv-lite@https://registry.npmjs.org/iconv-lite/-/iconv-lite-0.4.24.tgz. Extracting by manifest.
606 silly tarball no local data for destroy@https://registry.npmjs.org/destroy/-/destroy-1.2.0.tgz. Extracting by manifest.
607 silly tarball no local data for ms@https://registry.npmjs.org/ms/-/ms-2.0.0.tgz. Extracting by manifest.
608 silly tarball no local data for unpipe@https://registry.npmjs.org/unpipe/-/unpipe-1.0.0.tgz. Extracting by manifest.
609 silly tarball no local data for bytes@https://registry.npmjs.org/bytes/-/bytes-3.1.2.tgz. Extracting by manifest.
610 silly tarball no local data for mime-types@https://registry.npmjs.org/mime-types/-/mime-types-2.1.35.tgz. Extracting by manifest.
611 silly tarball no local data for vary@https://registry.npmjs.org/vary/-/vary-1.1.2.tgz. Extracting by manifest.
612 silly tarball no local data for type-is@https://registry.npmjs.org/type-is/-/type-is-1.6.18.tgz. Extracting by manifest.
613 silly tarball no local data for negotiator@https://registry.npmjs.org/negotiator/-/negotiator-0.6.3.tgz. Extracting by manifest.
614 silly tarball no local data for setprototypeof@https://registry.npmjs.org/setprototypeof/-/setprototypeof-1.2.0.tgz. Extracting by manifest.
615 silly tarball no local data for send@https://registry.npmjs.org/send/-/send-0.19.2.tgz. Extracting by manifest.
616 silly tarball no local data for utils-merge@https://registry.npmjs.org/utils-merge/-/utils-merge-1.0.1.tgz. Extracting by manifest.
617 silly tarball no local data for statuses@https://registry.npmjs.org/statuses/-/statuses-2.0.2.tgz. Extracting by manifest.
618 silly tarball no local data for safe-buffer@https://registry.npmjs.org/safe-buffer/-/safe-buffer-5.2.1.tgz. Extracting by manifest.
619 silly tarball no local data for serve-static@https://registry.npmjs.org/serve-static/-/serve-static-1.16.3.tgz. Extracting by manifest.
620 silly tarball no local data for range-parser@https://registry.npmjs.org/range-parser/-/range-parser-1.2.1.tgz. Extracting by manifest.
621 silly tarball no local data for qs@https://registry.npmjs.org/qs/-/qs-6.14.2.tgz. Extracting by manifest.
622 silly tarball no local data for proxy-addr@https://registry.npmjs.org/proxy-addr/-/proxy-addr-2.0.7.tgz. Extracting by manifest.
623 silly tarball no local data for path-to-regexp@https://registry.npmjs.org/path-to-regexp/-/path-to-regexp-0.1.13.tgz. Extracting by manifest.
624 silly tarball no local data for parseurl@https://registry.npmjs.org/parseurl/-/parseurl-1.3.3.tgz. Extracting by manifest.
625 silly tarball no local data for on-finished@https://registry.npmjs.org/on-finished/-/on-finished-2.4.1.tgz. Extracting by manifest.
626 silly tarball no local data for methods@https://registry.npmjs.org/methods/-/methods-1.1.2.tgz. Extracting by manifest.
627 silly tarball no local data for merge-descriptors@https://registry.npmjs.org/merge-descriptors/-/merge-descriptors-1.0.3.tgz. Extracting by manifest.
628 silly tarball no local data for http-errors@https://registry.npmjs.org/http-errors/-/http-errors-2.0.1.tgz. Extracting by manifest.
629 silly tarball no local data for finalhandler@https://registry.npmjs.org/finalhandler/-/finalhandler-1.3.2.tgz. Extracting by manifest.
630 silly tarball no local data for etag@https://registry.npmjs.org/etag/-/etag-1.8.1.tgz. Extracting by manifest.
631 silly tarball no local data for escape-html@https://registry.npmjs.org/escape-html/-/escape-html-1.0.3.tgz. Extracting by manifest.
632 silly tarball no local data for encodeurl@https://registry.npmjs.org/encodeurl/-/encodeurl-2.0.0.tgz. Extracting by manifest.
633 silly tarball no local data for depd@https://registry.npmjs.org/depd/-/depd-2.0.0.tgz. Extracting by manifest.
634 silly tarball no local data for debug@https://registry.npmjs.org/debug/-/debug-2.6.9.tgz. Extracting by manifest.
635 silly tarball no local data for cookie-signature@https://registry.npmjs.org/cookie-signature/-/cookie-signature-1.0.7.tgz. Extracting by manifest.
636 silly tarball no local data for cookie@https://registry.npmjs.org/cookie/-/cookie-0.7.2.tgz. Extracting by manifest.
637 silly tarball no local data for content-disposition@https://registry.npmjs.org/content-disposition/-/content-disposition-0.5.4.tgz. Extracting by manifest.
638 silly tarball no local data for body-parser@https://registry.npmjs.org/body-parser/-/body-parser-1.20.5.tgz. Extracting by manifest.
639 silly tarball no local data for array-flatten@https://registry.npmjs.org/array-flatten/-/array-flatten-1.1.1.tgz. Extracting by manifest.
640 silly tarball no local data for fresh@https://registry.npmjs.org/fresh/-/fresh-0.5.2.tgz. Extracting by manifest.
641 silly tarball no local data for express@https://registry.npmjs.org/express/-/express-4.22.1.tgz. Extracting by manifest.
642 silly tarball no local data for dotenv@https://registry.npmjs.org/dotenv/-/dotenv-16.6.1.tgz. Extracting by manifest.
643 silly tarball no local data for ms@https://registry.npmjs.org/ms/-/ms-2.1.3.tgz. Extracting by manifest.
644 silly tarball no local data for content-type@https://registry.npmjs.org/content-type/-/content-type-1.0.5.tgz. Extracting by manifest.
645 silly tarball no local data for nodemon@https://registry.npmjs.org/nodemon/-/nodemon-3.1.14.tgz. Extracting by manifest.
646 silly tarball no local data for accepts@https://registry.npmjs.org/accepts/-/accepts-1.3.8.tgz. Extracting by manifest.
647 silly tarball no local data for qs@https://registry.npmjs.org/qs/-/qs-6.15.1.tgz. Extracting by manifest.
648 silly tarball no local data for ms@https://registry.npmjs.org/ms/-/ms-2.1.3.tgz. Extracting by manifest.
649 silly tarball no local data for debug@https://registry.npmjs.org/debug/-/debug-4.4.3.tgz. Extracting by manifest.
650 http fetch POST 200 https://registry.npmjs.org/-/npm/v1/security/advisories/bulk 347ms
651 silly audit report {}
652 http fetch GET 200 https://registry.npmjs.org/get-intrinsic/-/get-intrinsic-1.3.0.tgz 1001ms (cache miss)
653 http fetch GET 200 https://registry.npmjs.org/hasown/-/hasown-2.0.3.tgz 1060ms (cache miss)
654 http fetch GET 200 https://registry.npmjs.org/has-flag/-/has-flag-3.0.0.tgz 1058ms (cache miss)
655 http fetch GET 200 https://registry.npmjs.org/is-number/-/is-number-7.0.0.tgz 1103ms (cache miss)
656 http fetch GET 200 https://registry.npmjs.org/side-channel-map/-/side-channel-map-1.0.1.tgz 1086ms (cache miss)
657 http fetch GET 200 https://registry.npmjs.org/forwarded/-/forwarded-0.2.0.tgz 1084ms (cache miss)
658 http fetch GET 200 https://registry.npmjs.org/media-typer/-/media-typer-0.3.0.tgz 1127ms (cache miss)
659 http fetch GET 200 https://registry.npmjs.org/readdirp/-/readdirp-3.6.0.tgz 1088ms (cache miss)
660 http fetch GET 200 https://registry.npmjs.org/gopd/-/gopd-1.2.0.tgz 1136ms (cache miss)
661 http fetch GET 200 https://registry.npmjs.org/ee-first/-/ee-first-1.1.1.tgz 1127ms (cache miss)
662 http fetch GET 200 https://registry.npmjs.org/is-binary-path/-/is-binary-path-2.1.0.tgz 1107ms (cache miss)
663 http fetch GET 200 https://registry.npmjs.org/glob-parent/-/glob-parent-5.1.2.tgz 1109ms (cache miss)
664 http fetch GET 200 https://registry.npmjs.org/supports-color/-/supports-color-5.5.0.tgz 1103ms (cache miss)
665 http fetch GET 200 https://registry.npmjs.org/side-channel-list/-/side-channel-list-1.0.1.tgz 1147ms (cache miss)
666 http fetch GET 200 https://registry.npmjs.org/get-proto/-/get-proto-1.0.1.tgz 1161ms (cache miss)
667 http fetch GET 200 https://registry.npmjs.org/binary-extensions/-/binary-extensions-2.3.0.tgz 1129ms (cache miss)
668 http fetch GET 200 https://registry.npmjs.org/anymatch/-/anymatch-3.1.3.tgz 1118ms (cache miss)
669 http fetch GET 200 https://registry.npmjs.org/unpipe/-/unpipe-1.0.0.tgz 1097ms (cache miss)
670 http fetch GET 200 https://registry.npmjs.org/es-define-property/-/es-define-property-1.0.1.tgz 1173ms (cache miss)
671 http fetch GET 200 https://registry.npmjs.org/is-extglob/-/is-extglob-2.1.1.tgz 1152ms (cache miss)
672 http fetch GET 200 https://registry.npmjs.org/ignore-by-default/-/ignore-by-default-1.0.1.tgz 1125ms (cache miss)
673 http fetch GET 200 https://registry.npmjs.org/mime-types/-/mime-types-2.1.35.tgz 1109ms (cache miss)
674 http fetch GET 200 https://registry.npmjs.org/ms/-/ms-2.0.0.tgz 1115ms (cache miss)
675 http fetch GET 200 https://registry.npmjs.org/negotiator/-/negotiator-0.6.3.tgz 1108ms (cache miss)
676 http fetch GET 200 https://registry.npmjs.org/fill-range/-/fill-range-7.1.1.tgz 1155ms (cache miss)
677 http fetch GET 200 https://registry.npmjs.org/normalize-path/-/normalize-path-3.0.0.tgz 1149ms (cache miss)
678 http fetch GET 200 https://registry.npmjs.org/undefsafe/-/undefsafe-2.0.5.tgz 1144ms (cache miss)
679 http fetch GET 200 https://registry.npmjs.org/pstree.remy/-/pstree.remy-1.1.8.tgz 1138ms (cache miss)
680 http fetch GET 200 https://registry.npmjs.org/utils-merge/-/utils-merge-1.0.1.tgz 1115ms (cache miss)
681 http fetch GET 200 https://registry.npmjs.org/merge-descriptors/-/merge-descriptors-1.0.3.tgz 1071ms (cache miss)
682 http fetch GET 200 https://registry.npmjs.org/balanced-match/-/balanced-match-4.0.4.tgz 1167ms (cache miss)
683 http fetch GET 200 https://registry.npmjs.org/side-channel-weakmap/-/side-channel-weakmap-1.0.2.tgz 1181ms (cache miss)
684 http fetch GET 200 https://registry.npmjs.org/to-regex-range/-/to-regex-range-5.0.1.tgz 1159ms (cache miss)
685 http fetch GET 200 https://registry.npmjs.org/safer-buffer/-/safer-buffer-2.1.2.tgz 1142ms (cache miss)
686 http fetch GET 200 https://registry.npmjs.org/touch/-/touch-3.1.1.tgz 1150ms (cache miss)
687 http fetch GET 200 https://registry.npmjs.org/bytes/-/bytes-3.1.2.tgz 1133ms (cache miss)
688 http fetch GET 200 https://registry.npmjs.org/toidentifier/-/toidentifier-1.0.1.tgz 1142ms (cache miss)
689 http fetch GET 200 https://registry.npmjs.org/destroy/-/destroy-1.2.0.tgz 1139ms (cache miss)
690 http fetch GET 200 https://registry.npmjs.org/statuses/-/statuses-2.0.2.tgz 1124ms (cache miss)
691 http fetch GET 200 https://registry.npmjs.org/setprototypeof/-/setprototypeof-1.2.0.tgz 1130ms (cache miss)
692 http fetch GET 200 https://registry.npmjs.org/path-to-regexp/-/path-to-regexp-0.1.13.tgz 1116ms (cache miss)
693 http fetch GET 200 https://registry.npmjs.org/cookie-signature/-/cookie-signature-1.0.7.tgz 1064ms (cache miss)
694 http fetch GET 200 https://registry.npmjs.org/encodeurl/-/encodeurl-2.0.0.tgz 1066ms (cache miss)
695 http fetch GET 200 https://registry.npmjs.org/es-object-atoms/-/es-object-atoms-1.1.1.tgz 1211ms (cache miss)
696 http fetch GET 200 https://registry.npmjs.org/is-glob/-/is-glob-4.0.3.tgz 1171ms (cache miss)
697 http fetch GET 200 https://registry.npmjs.org/inherits/-/inherits-2.0.4.tgz 1154ms (cache miss)
698 http fetch GET 200 https://registry.npmjs.org/type-is/-/type-is-1.6.18.tgz 1143ms (cache miss)
699 http fetch GET 200 https://registry.npmjs.org/send/-/send-0.19.2.tgz 1139ms (cache miss)
700 http fetch GET 200 https://registry.npmjs.org/on-finished/-/on-finished-2.4.1.tgz 1107ms (cache miss)
701 http fetch GET 200 https://registry.npmjs.org/methods/-/methods-1.1.2.tgz 1098ms (cache miss)
702 http fetch GET 200 https://registry.npmjs.org/ms/-/ms-2.1.3.tgz 1065ms (cache miss)
703 http fetch GET 200 https://registry.npmjs.org/vary/-/vary-1.1.2.tgz 1152ms (cache miss)
704 http fetch GET 200 https://registry.npmjs.org/escape-html/-/escape-html-1.0.3.tgz 1083ms (cache miss)
705 http fetch GET 200 https://registry.npmjs.org/etag/-/etag-1.8.1.tgz 1084ms (cache miss)
706 http fetch GET 200 https://registry.npmjs.org/array-flatten/-/array-flatten-1.1.1.tgz 1078ms (cache miss)
707 http fetch GET 200 https://registry.npmjs.org/accepts/-/accepts-1.3.8.tgz 1069ms (cache miss)
708 http fetch GET 200 https://registry.npmjs.org/dunder-proto/-/dunder-proto-1.0.1.tgz 1231ms (cache miss)
709 http fetch GET 200 https://registry.npmjs.org/raw-body/-/raw-body-2.5.3.tgz 1171ms (cache miss)
710 http fetch GET 200 https://registry.npmjs.org/range-parser/-/range-parser-1.2.1.tgz 1155ms (cache miss)
711 http fetch GET 200 https://registry.npmjs.org/parseurl/-/parseurl-1.3.3.tgz 1135ms (cache miss)
712 http fetch GET 200 https://registry.npmjs.org/fresh/-/fresh-0.5.2.tgz 1090ms (cache miss)
713 http fetch GET 200 https://registry.npmjs.org/side-channel/-/side-channel-1.1.0.tgz 1230ms (cache miss)
714 http fetch GET 200 https://registry.npmjs.org/call-bound/-/call-bound-1.0.4.tgz 1239ms (cache miss)
715 http fetch GET 200 https://registry.npmjs.org/ipaddr.js/-/ipaddr.js-1.9.1.tgz 1227ms (cache miss)
716 http fetch GET 200 https://registry.npmjs.org/proxy-addr/-/proxy-addr-2.0.7.tgz 1167ms (cache miss)
717 http fetch GET 200 https://registry.npmjs.org/http-errors/-/http-errors-2.0.1.tgz 1117ms (cache miss)
718 http fetch GET 200 https://registry.npmjs.org/finalhandler/-/finalhandler-1.3.2.tgz 1112ms (cache miss)
719 http fetch GET 200 https://registry.npmjs.org/content-type/-/content-type-1.0.5.tgz 1094ms (cache miss)
720 http fetch GET 200 https://registry.npmjs.org/es-errors/-/es-errors-1.3.0.tgz 1237ms (cache miss)
721 http fetch GET 200 https://registry.npmjs.org/function-bind/-/function-bind-1.1.2.tgz 1247ms (cache miss)
722 http fetch GET 200 https://registry.npmjs.org/ms/-/ms-2.1.3.tgz 1097ms (cache miss)
723 http fetch GET 200 https://registry.npmjs.org/call-bind-apply-helpers/-/call-bind-apply-helpers-1.0.2.tgz 1252ms (cache miss)
724 http fetch GET 200 https://registry.npmjs.org/depd/-/depd-2.0.0.tgz 1125ms (cache miss)
725 http fetch GET 200 https://registry.npmjs.org/content-disposition/-/content-disposition-0.5.4.tgz 1123ms (cache miss)
726 http fetch GET 200 https://registry.npmjs.org/simple-update-notifier/-/simple-update-notifier-2.0.0.tgz 1220ms (cache miss)
727 http fetch GET 200 https://registry.npmjs.org/serve-static/-/serve-static-1.16.3.tgz 1191ms (cache miss)
728 http fetch GET 200 https://registry.npmjs.org/cookie/-/cookie-0.7.2.tgz 1126ms (cache miss)
729 http fetch GET 200 https://registry.npmjs.org/safe-buffer/-/safe-buffer-5.2.1.tgz 1196ms (cache miss)
730 http fetch GET 200 https://registry.npmjs.org/debug/-/debug-4.4.3.tgz 1122ms (cache miss)
731 http fetch GET 200 https://registry.npmjs.org/mime/-/mime-1.6.0.tgz 1267ms (cache miss)
732 http fetch GET 200 https://registry.npmjs.org/brace-expansion/-/brace-expansion-5.0.5.tgz 1251ms (cache miss)
733 http fetch GET 200 https://registry.npmjs.org/has-symbols/-/has-symbols-1.1.0.tgz 1288ms (cache miss)
734 http fetch GET 200 https://registry.npmjs.org/debug/-/debug-2.6.9.tgz 1150ms (cache miss)
735 http fetch GET 200 https://registry.npmjs.org/picomatch/-/picomatch-2.3.2.tgz 1257ms (cache miss)
736 http fetch GET 200 https://registry.npmjs.org/braces/-/braces-3.0.3.tgz 1257ms (cache miss)
737 http fetch GET 200 https://registry.npmjs.org/mime-db/-/mime-db-1.52.0.tgz 1245ms (cache miss)
738 http fetch GET 200 https://registry.npmjs.org/dotenv/-/dotenv-16.6.1.tgz 1152ms (cache miss)
739 http fetch GET 200 https://registry.npmjs.org/chokidar/-/chokidar-3.6.0.tgz 1257ms (cache miss)
740 http fetch GET 200 https://registry.npmjs.org/math-intrinsics/-/math-intrinsics-1.1.0.tgz 1315ms (cache miss)
741 http fetch GET 200 https://registry.npmjs.org/body-parser/-/body-parser-1.20.5.tgz 1168ms (cache miss)
742 http fetch GET 200 https://registry.npmjs.org/express/-/express-4.22.1.tgz 1185ms (cache miss)
743 http fetch GET 200 https://registry.npmjs.org/qs/-/qs-6.14.2.tgz 1258ms (cache miss)
744 http fetch GET 200 https://registry.npmjs.org/object-inspect/-/object-inspect-1.13.4.tgz 1326ms (cache miss)
745 http fetch GET 200 https://registry.npmjs.org/qs/-/qs-6.15.1.tgz 1183ms (cache miss)
746 http fetch GET 200 https://registry.npmjs.org/semver/-/semver-7.7.4.tgz 1324ms (cache miss)
747 http fetch GET 200 https://registry.npmjs.org/iconv-lite/-/iconv-lite-0.4.24.tgz 1338ms (cache miss)
748 http fetch GET 200 https://registry.npmjs.org/nodemon/-/nodemon-3.1.14.tgz 1244ms (cache miss)
749 http fetch GET 200 https://registry.npmjs.org/minimatch/-/minimatch-10.2.5.tgz 1347ms (cache miss)
750 silly ADD node_modules/media-typer
751 silly ADD node_modules/is-number
752 silly ADD node_modules/has-flag
753 silly ADD node_modules/dunder-proto
754 silly ADD node_modules/math-intrinsics
755 silly ADD node_modules/hasown
756 silly ADD node_modules/has-symbols
757 silly ADD node_modules/gopd
758 silly ADD node_modules/get-proto
759 silly ADD node_modules/es-object-atoms
760 silly ADD node_modules/es-define-property
761 silly ADD node_modules/function-bind
762 silly ADD node_modules/call-bind-apply-helpers
763 silly ADD node_modules/get-intrinsic
764 silly ADD node_modules/call-bound
765 silly ADD node_modules/side-channel-weakmap
766 silly ADD node_modules/side-channel-map
767 silly ADD node_modules/side-channel-list
768 silly ADD node_modules/object-inspect
769 silly ADD node_modules/es-errors
770 silly ADD node_modules/mime
771 silly ADD node_modules/side-channel
772 silly ADD node_modules/ipaddr.js
773 silly ADD node_modules/forwarded
774 silly ADD node_modules/ee-first
775 silly ADD node_modules/balanced-match
776 silly ADD node_modules/brace-expansion
777 silly ADD node_modules/is-extglob
778 silly ADD node_modules/binary-extensions
779 silly ADD node_modules/to-regex-range
780 silly ADD node_modules/fill-range
781 silly ADD node_modules/picomatch
782 silly ADD node_modules/readdirp
783 silly ADD node_modules/normalize-path
784 silly ADD node_modules/is-glob
785 silly ADD node_modules/is-binary-path
786 silly ADD node_modules/glob-parent
787 silly ADD
788 silly ADD node_modules/braces
789 silly ADD node_modules/anymatch
790 silly ADD node_modules/undefsafe
791 silly ADD node_modules/touch
792 silly ADD node_modules/supports-color
793 silly ADD node_modules/simple-update-notifier
794 silly ADD node_modules/semver
795 silly ADD node_modules/pstree.remy
796 silly ADD node_modules/minimatch
797 silly ADD node_modules/ignore-by-default
798 silly ADD node_modules/chokidar
799 silly ADD node_modules/mime-db
800 silly ADD node_modules/safer-buffer
801 silly ADD node_modules/toidentifier
802 silly ADD node_modules/inherits
803 silly ADD node_modules/ms
804 silly ADD node_modules/unpipe
805 silly ADD node_modules/raw-body
806 silly ADD node_modules/iconv-lite
807 silly ADD node_modules/destroy
808 silly ADD node_modules/bytes
809 silly ADD node_modules/negotiator
810 silly ADD node_modules/mime-types
811 silly ADD node_modules/vary
812 silly ADD node_modules/utils-merge
813 silly ADD node_modules/type-is
814 silly ADD node_modules/statuses
815 silly ADD node_modules/setprototypeof
816 silly ADD node_modules/serve-static
817 silly ADD node_modules/send
818 silly ADD node_modules/send/node_modules/ms
819 silly ADD node_modules/safe-buffer
820 silly ADD node_modules/range-parser
821 silly ADD node_modules/qs
822 silly ADD node_modules/proxy-addr
823 silly ADD node_modules/path-to-regexp
824 silly ADD node_modules/parseurl
825 silly ADD node_modules/on-finished
826 silly ADD node_modules/methods
827 silly ADD node_modules/merge-descriptors
828 silly ADD node_modules/http-errors
829 silly ADD node_modules/fresh
830 silly ADD node_modules/finalhandler
831 silly ADD node_modules/etag
832 silly ADD node_modules/escape-html
833 silly ADD node_modules/encodeurl
834 silly ADD node_modules/depd
835 silly ADD node_modules/debug
836 silly ADD node_modules/cookie-signature
837 silly ADD node_modules/cookie
838 silly ADD node_modules/content-type
839 silly ADD node_modules/content-disposition
840 silly ADD node_modules/body-parser
841 silly ADD node_modules/body-parser/node_modules/qs
842 silly ADD node_modules/array-flatten
843 silly ADD node_modules/accepts
844 silly ADD node_modules/nodemon
845 silly ADD node_modules/nodemon/node_modules/ms
846 silly ADD node_modules/nodemon/node_modules/debug
847 silly ADD node_modules/express
848 silly CHANGE node_modules/dotenv
849 verbose cwd /home/azureuser
850 verbose os Linux 6.8.0-1052-azure
851 verbose node v18.20.8
852 verbose npm  v10.8.2
853 verbose exit 0
854 info ok
