0 verbose cli /usr/bin/node /usr/bin/npm
1 info using npm@10.8.2
2 info using node@v18.20.8
3 silly config load:file:/usr/lib/node_modules/npm/npmrc
4 silly config load:file:/home/azureuser/.npmrc
5 silly config load:file:/usr/etc/npmrc
6 verbose title npm install dotenv
7 verbose argv "install" "dotenv"
8 verbose logfile logs-max:10 dir:/home/azureuser/.npm/_logs/2026-05-02T10_34_51_890Z-
9 verbose logfile /home/azureuser/.npm/_logs/2026-05-02T10_34_51_890Z-debug-0.log
10 silly packumentCache heap:484179968 maxSize:121044992 maxEntrySize:60522496
11 silly logfile start cleaning logs, removing 8 files
12 silly idealTree buildDeps
13 silly fetch manifest dotenv@*
14 silly packumentCache full:https://registry.npmjs.org/dotenv cache-miss
15 silly logfile done cleaning log files
16 http fetch GET 200 https://registry.npmjs.org/dotenv 152ms (cache miss)
17 silly packumentCache full:https://registry.npmjs.org/dotenv set size:undefined disposed:false
18 silly placeDep ROOT dotenv@17.4.2 OK for:  want: *
19 silly reify moves {}
20 silly tarball no local data for dotenv@https://registry.npmjs.org/dotenv/-/dotenv-17.4.2.tgz. Extracting by manifest.
21 http fetch GET 200 https://registry.npmjs.org/dotenv/-/dotenv-17.4.2.tgz 49ms (cache miss)
22 silly ADD node_modules/dotenv
23 verbose cwd /home/azureuser
24 verbose os Linux 6.8.0-1052-azure
25 verbose node v18.20.8
26 verbose npm  v10.8.2
27 verbose exit 0
28 info ok
